E:\Praegemaschine\AS_Praegemaschine\Logical\Global.typ
E:\Praegemaschine\AS_Praegemaschine\Logical\Global.var
E:\Praegemaschine\AS_Praegemaschine\Logical\Libraries\operator\operator.fun
E:\Praegemaschine\AS_Praegemaschine\Logical\Libraries\operator\operator.typ
E:\Praegemaschine\AS_Praegemaschine\Logical\Libraries\operator\operator.var
E:\Praegemaschine\AS_Praegemaschine\Logical\Libraries\runtime\runtime.fun
E:\Praegemaschine\AS_Praegemaschine\Logical\Libraries\runtime\runtime.typ
E:\Praegemaschine\AS_Praegemaschine\Logical\Libraries\runtime\runtime.var
E:\Praegemaschine\AS_Praegemaschine\Logical\Libraries\astime\astime.fun
E:\Praegemaschine\AS_Praegemaschine\Logical\Libraries\astime\astime.typ
E:\Praegemaschine\AS_Praegemaschine\Logical\Libraries\astime\astime.var
E:\Praegemaschine\AS_Praegemaschine\Logical\Libraries\AsIecCon\AsIecCon.fun
E:\Praegemaschine\AS_Praegemaschine\Logical\Libraries\AsIecCon\AsIecCon.typ
E:\Praegemaschine\AS_Praegemaschine\Logical\Libraries\AsIecCon\AsIecCon.var
E:\Praegemaschine\AS_Praegemaschine\Logical\Libraries\ComTCP\MNG_Package.typ
E:\Praegemaschine\AS_Praegemaschine\Logical\Libraries\ComTCP\MNG_Package.var
E:\Praegemaschine\AS_Praegemaschine\Logical\Libraries\AsTCP\AsTCP.fun
E:\Praegemaschine\AS_Praegemaschine\Logical\Libraries\AsTCP\AsTCP.typ
E:\Praegemaschine\AS_Praegemaschine\Logical\Libraries\AsTCP\AsTCP.var
E:\Praegemaschine\AS_Praegemaschine\Logical\Libraries\standard\standard.fun
E:\Praegemaschine\AS_Praegemaschine\Logical\Libraries\standard\standard.typ
E:\Praegemaschine\AS_Praegemaschine\Logical\Libraries\standard\standard.var
E:\Praegemaschine\AS_Praegemaschine\Logical\Libraries\AsArLog\AsArLog.fun
E:\Praegemaschine\AS_Praegemaschine\Logical\Libraries\AsArLog\AsArLog.typ
E:\Praegemaschine\AS_Praegemaschine\Logical\Libraries\AsArLog\AsArLog.var
E:\Praegemaschine\AS_Praegemaschine\Logical\Libraries\AsBrStr\AsBrStr.fun
E:\Praegemaschine\AS_Praegemaschine\Logical\Libraries\AsBrStr\AsBrStr.typ
E:\Praegemaschine\AS_Praegemaschine\Logical\Libraries\AsBrStr\AsBrStr.var
E:\Praegemaschine\AS_Praegemaschine\Logical\MNG_Global.typ
